// Jest Snapshot v1, https://goo.gl/fbAQLP

exports[`renders Login correctly (snapshot) 1`] = `
<View
  accessible={true}
  focusable={true}
  onClick={[Function]}
  onResponderGrant={[Function]}
  onResponderMove={[Function]}
  onResponderRelease={[Function]}
  onResponderTerminate={[Function]}
  onResponderTerminationRequest={[Function]}
  onStartShouldSetResponder={[Function]}
  style={
    Array [
      Object {
        "backgroundColor": "#FFF",
        "flexBasis": 0,
        "flexGrow": 1,
        "flexShrink": 1,
        "justifyContent": "center",
        "marginTop": 20,
        "paddingLeft": 40,
        "paddingRight": 40,
      },
    ]
  }
>
  <Image
    source={
      Object {
        "testUri": "../../../src/Assets/github-logo.png",
      }
    }
    style={
      Array [
        Object {
          "alignSelf": "center",
          "height": 375,
          "marginBottom": 40,
          "resizeMode": "contain",
          "width": 375,
        },
        Object {
          "opacity": 0.8,
          "top": 0,
          "transform": Array [
            Object {
              "scale": 0.3,
            },
          ],
        },
      ]
    }
  />
  <View
    onLayout={[Function]}
    style={
      Array [
        Object {
          "paddingBottom": 20,
          "width": "100%",
        },
      ]
    }
  >
    <View
      style={
        Object {
          "bottom": 0,
        }
      }
    >
      <TextInput
        allowFontScaling={true}
        autoCapitalize="none"
        autoCompleteType="off"
        autoCorrect={false}
        keyboardType="email-address"
        onChange={[Function]}
        placeholder="Your Github email address"
        rejectResponderTermination={true}
        style={
          Array [
            Object {
              "backgroundColor": "#FFF",
              "borderColor": "#CCC",
              "borderWidth": 1,
              "height": 40,
              "marginBottom": 40,
              "marginTop": 40,
              "textAlign": "center",
              "width": "100%",
            },
          ]
        }
        underlineColorAndroid="transparent"
      />
      <View
        accessible={true}
        focusable={false}
        isTVSelectable={true}
        onClick={[Function]}
        onResponderGrant={[Function]}
        onResponderMove={[Function]}
        onResponderRelease={[Function]}
        onResponderTerminate={[Function]}
        onResponderTerminationRequest={[Function]}
        onStartShouldSetResponder={[Function]}
        style={
          Object {
            "alignSelf": "center",
            "marginBottom": 20,
            "marginLeft": 20,
            "marginRight": 20,
            "marginTop": 20,
            "opacity": 1,
          }
        }
      >
        <View
          style={
            Object {
              "alignItems": "center",
              "alignSelf": "center",
              "backgroundColor": "#FFF",
              "borderColor": "#333",
              "borderRadius": 6,
              "borderWidth": 1,
              "color": "#333",
              "padding": 8,
            }
          }
        >
          <Text>
            Next
          </Text>
        </View>
      </View>
    </View>
  </View>
</View>
`;
